out_label:21Vh, real_label:21Vh
chr_acc:0.9930, code_acc:0.9741
